[mobirise.com/website-templates/about-us-template-for-website/index.html]
[mobirise.com/website-templates/about-us-template-for-website/assets/images/logo.png]
[backblue.gif]
[fade.gif]
[index.html]
[maxcdn.bootstrapcdn.com/font-awesome/4.7.0/css/font-awesome.min.css]
[mobirise.com/website-templates/about-us-template-for-website/assets/images/mbr-1620x1080.jpg]
[mobirise.com/website-templates/about-us-template-for-website/assets/images/mbr-1613x1080.jpg]
[mobirise.com/website-templates/about-us-template-for-website/assets/images/mbr-1-1620x1080.jpg]
[mobirise.com/website-templates/about-us-template-for-website/assets/images/mbr-864x1080.jpg]
[mobirise.com/website-templates/about-us-template-for-website/assets/images/mbr-720x1080.jpg]
[mobirise.com/website-templates/about-us-template-for-website/assets/images/background1.jpg]
[mobirise.com/website-templates/about-us-template-for-website/assets/images/background2.jpg]
[mobirise.com/website-templates/about-us-template-for-website/assets/images/mbr-2-1620x1080.jpg]
[mobirise.com/website-templates/about-us-template-for-website/assets/images/mbr-3-1620x1080.jpg]
[mobirise.com/website-templates/about-us-template-for-website/assets/images/mbr-4-1620x1080.jpg]
[cdn.ampproject.org/v0.js]
[cdn.ampproject.org/v0/amp-animation-0.1.js]
[cdn.ampproject.org/v0/amp-sidebar-0.1.js]
[cdn.ampproject.org/v0/amp-position-observer-0.1.js]
[cdn.ampproject.org/v0/amp-analytics-0.1.js]
[cdn.ampproject.org/v0/amp-iframe-0.1.js]
[cdn.ampproject.org/v0/amp-selector-0.1.js]
[cdn.ampproject.org/v0/amp-carousel-0.1.js]
[cdn.ampproject.org/v0/amp-lightbox-0.1.js]
[cdn.ampproject.org/v0/amp-youtube-0.1.js]
[cdn.ampproject.org/v0/amp-bind-0.1.js]
[cdn.ampproject.org/v0/amp-form-0.1.js]
[cdn.ampproject.org/v0/amp-mustache-0.1.js]
[mobirise.com/website-templates/about-us-template-for-website/assets/images/mbr-1-720x1080.jpg]
[mobirise.com/website-templates/about-us-template-for-website/assets/images/mbr-2-720x1080.jpg]
[mobirise.com/website-templates/about-us-template-for-website/assets/images/mbr-2-1270x953.jpg]
[mobirise.com/website-templates/about-us-template-for-website/assets/images/mbr-1080x810.jpg]
[mobirise.com/website-templates/about-us-template-for-website/index.html]
[maxcdn.bootstrapcdn.com/font-awesome/4.7.0/css/font-awesome.min.css]
